{
  "errors": [
    {
      "code": "UNABLE_TO_PARSE_CHANGE_LINE",
      "message": "Unable to parse \"  ~ aws_ecs_service\" (ignoring)"
    },
    {
      "code": "ORPHAN_ATTRIBUTE_LINE",
      "message": "Attribute line \"      task_definition:          \"this is a test\"\" is not associated with a data source or resource (ignoring)"
    }
  ],
  "changedResources": [],
  "changedDataSources": []
}