{
  "errors": [],
  "changedResources": [
    {
      "action": "replace",
      "type": "aws_ecs_task_definition",
      "name": "sample_app",
      "path": "aws_ecs_task_definition.sample_app",
      "tainted": true,
      "changedAttributes": {
        "id": {
          "new": {
            "type": "string",
            "value": "myservice"
          },
          "forcesNewResource": true
        }
      },
      "newResourceRequired": true
    }
  ],
  "changedDataSources": []
}
