{
  "errors": [],
  "changedResources": [
    {
      "action": "create",
      "type": "null_resource",
      "name": "test0",
      "path": "null_resource.test0",
      "changedAttributes": {
        "id": {
          "new": {
            "type": "computed"
          }
        },
        "triggers.%": {
          "new": {
            "type": "string",
            "value": "1"
          }
        },
        "triggers.trigger": {
          "new": {
            "type": "string",
            "value": "test0"
          }
        }
      }
    },
    {
      "action": "create",
      "module": "test1",
      "type": "null_resource",
      "name": "test1",
      "path": "module.test1.null_resource.test1",
      "changedAttributes": {
        "id": {
          "new": {
            "type": "computed"
          }
        },
        "triggers.%": {
          "new": {
            "type": "string",
            "value": "1"
          }
        },
        "triggers.trigger": {
          "new": {
            "type": "string",
            "value": "test1"
          }
        }
      }
    },
    {
      "action": "create",
      "module": "test1.test2",
      "type": "null_resource",
      "name": "test2",
      "path": "module.test1.module.test2.null_resource.test2",
      "changedAttributes": {
        "id": {
          "new": {
            "type": "computed"
          }
        },
        "triggers.%": {
          "new": {
            "type": "string",
            "value": "1"
          }
        },
        "triggers.trigger": {
          "new": {
            "type": "string",
            "value": "test2"
          }
        }
      }
    }
  ],
  "changedDataSources": []
}
